Extract PDF.
Compress PDF.
Extract WORD.
Compress WORD.
Extract PPT.
Compress PPT.
